// Jest Snapshot v1, https://goo.gl/fbAQLP

exports[`Contact activity component snapshot 1`] = `ShallowWrapper {}`;
