// Jest Snapshot v1, https://goo.gl/fbAQLP

exports[`Contact body component snapshot 1`] = `ShallowWrapper {}`;
