// Jest Snapshot v1, https://goo.gl/fbAQLP

exports[`Checkout form component snapshot 1`] = `ShallowWrapper {}`;
