// Jest Snapshot v1, https://goo.gl/fbAQLP

exports[`should be confirmation modal component snapshot 1`] = `ShallowWrapper {}`;
