// Jest Snapshot v1, https://goo.gl/fbAQLP

exports[`should be modal component snapshot 1`] = `ShallowWrapper {}`;
