// Jest Snapshot v1, https://goo.gl/fbAQLP

exports[`should be new component snapshot 1`] = `ShallowWrapper {}`;
