// Jest Snapshot v1, https://goo.gl/fbAQLP

exports[`Campaign body component snapshot 1`] = `ShallowWrapper {}`;
