// Jest Snapshot v1, https://goo.gl/fbAQLP

exports[`Campaign header component snapshot 1`] = `ShallowWrapper {}`;
