// Jest Snapshot v1, https://goo.gl/fbAQLP

exports[`Login component snapshot 1`] = `ShallowWrapper {}`;
