// Jest Snapshot v1, https://goo.gl/fbAQLP

exports[`Signup component snapshot 1`] = `ShallowWrapper {}`;
