// Jest Snapshot v1, https://goo.gl/fbAQLP

exports[`Profile component snapshot 1`] = `ShallowWrapper {}`;
