// Jest Snapshot v1, https://goo.gl/fbAQLP

exports[`should be tag component snapshot 1`] = `ShallowWrapper {}`;

exports[`should be tags container component snapshot 1`] = `ShallowWrapper {}`;

exports[`should be tags header component snapshot 1`] = `ShallowWrapper {}`;
