// Jest Snapshot v1, https://goo.gl/fbAQLP

exports[`Current plan card component snapshot 1`] = `ShallowWrapper {}`;
