// Jest Snapshot v1, https://goo.gl/fbAQLP

exports[`Plan card component snapshot 1`] = `ShallowWrapper {}`;
