// Jest Snapshot v1, https://goo.gl/fbAQLP

exports[`Left nav component snapshot 1`] = `ShallowWrapper {}`;
