// Jest Snapshot v1, https://goo.gl/fbAQLP

exports[`Right nav component snapshot 1`] = `ShallowWrapper {}`;
